com\mycompany\canvasbeeapp\Senac$5.class
com\mycompany\canvasbeeapp\Conquistas$2.class
com\mycompany\canvasbeeapp\NucInovacao$1.class
com\mycompany\canvasbeeapp\Inicio$3.class
com\mycompany\canvasbeeapp\Logar.class
com\mycompany\canvasbeeapp\SaberA.class
com\mycompany\canvasbeeapp\Cadastro$2.class
conexao\Conexao.class
com\mycompany\canvasbeeapp\Colaboracao$3.class
com\mycompany\canvasbeeapp\InterdisciplinarE$3.class
com\mycompany\canvasbeeapp\Logar$1.class
mapbd\AtitudeColab.class
com\mycompany\canvasbeeapp\Senac.class
com\mycompany\canvasbeeapp\SaberC$1.class
com\mycompany\canvasbeeapp\NucInovacao$4.class
objetoacesso\AlunosDAO.class
com\mycompany\canvasbeeapp\SaberC.class
com\mycompany\canvasbeeapp\InterdisciplinarE$1.class
mapbd\NucInov.class
com\mycompany\canvasbeeapp\Senac$4.class
com\mycompany\canvasbeeapp\Senac$1.class
com\mycompany\canvasbeeapp\SaberA$1.class
com\mycompany\canvasbeeapp\CanvasBeeApp.class
com\mycompany\canvasbeeapp\Conquistas$1.class
objetoacesso\AtitudeColabDAO.class
com\mycompany\canvasbeeapp\Colaboracao$4.class
com\mycompany\canvasbeeapp\Conquistas.class
com\mycompany\canvasbeeapp\Inicio$2.class
com\mycompany\canvasbeeapp\NucInovacao$3.class
com\mycompany\canvasbeeapp\NucInovacao.class
com\mycompany\canvasbeeapp\Inicio.class
objetoacesso\EvasaoInterDAO.class
com\mycompany\canvasbeeapp\InterdisciplinarE$4.class
com\mycompany\canvasbeeapp\SaberB$2.class
com\mycompany\canvasbeeapp\Colaboracao$1.class
com\mycompany\canvasbeeapp\InterdisciplinarE$5.class
com\mycompany\canvasbeeapp\SaberB.class
com\mycompany\canvasbeeapp\InterdisciplinarE$2.class
com\mycompany\canvasbeeapp\Logar$2.class
com\mycompany\canvasbeeapp\NucInovacao$6.class
objetoacesso\NucInovDAO.class
com\mycompany\canvasbeeapp\Cadastro$1.class
com\mycompany\canvasbeeapp\Senac$3.class
mapbd\EvasaoInter.class
mapbd\Alunos.class
com\mycompany\canvasbeeapp\SaberB$1.class
com\mycompany\canvasbeeapp\Cadastro.class
com\mycompany\canvasbeeapp\Colaboracao.class
com\mycompany\canvasbeeapp\Inicio$1.class
mapbd\Saber.class
com\mycompany\canvasbeeapp\Senac$6.class
objetoacesso\SaberDAO.class
com\mycompany\canvasbeeapp\NucInovacao$5.class
com\mycompany\canvasbeeapp\InterdisciplinarE.class
com\mycompany\canvasbeeapp\InterdisciplinarE$6.class
com\mycompany\canvasbeeapp\NucInovacao$2.class
com\mycompany\canvasbeeapp\Cadastro$setVisible.class
com\mycompany\canvasbeeapp\Senac$2.class
com\mycompany\canvasbeeapp\SaberA$2.class
com\mycompany\canvasbeeapp\SaberC$2.class
com\mycompany\canvasbeeapp\Colaboracao$2.class
